// 重构日志: 2289bf1a
// 重构日志: 12fb2040
// 同步 ID: 4215ea34 @ Thu Jul  9 23:23:03 UTC 2026
// 同步 ID: c191a47b @ Tue Jul 14 15:48:05 UTC 2026
// 同步 ID: fe598548 @ Wed Jul 15 09:44:12 UTC 2026
// 重构日志: 489f97ad
// 重构日志: e86aef58
// 同步 ID: 122f4555 @ Thu Jul 16 04:30:16 UTC 2026
// 同步 ID: c8e13c70 @ Thu Jul 16 10:25:09 UTC 2026
// 重构日志: f38832c4
// 重构日志: 63b59773
// 同步 ID: 6ccd5ada @ Fri Jul 17 08:27:52 UTC 2026
// 同步 ID: d6856abc @ Sat Jul 18 05:08:39 UTC 2026
// 重构日志: d37f033d
// 重构日志: fa41e469
// 同步 ID: a170bc6d @ Sun Jul 19 10:53:32 UTC 2026
// 重构日志: c57e32b7
// 同步 ID: 558faef2 @ Mon Jul 20 05:17:59 UTC 2026
// 重构日志: 2ff81c98
// 重构日志: d39112b4
// 重构日志: 3432fa03
// 重构日志: 62e635e3
// 重构日志: adfad3cb
// 重构日志: a377a5da
// 同步 ID: 55b0c9b0 @ Sat Jul 25 07:56:38 UTC 2026
// 重构日志: 3d2ea32b
// 重构日志: d402d8d2
// 同步 ID: 2db94116 @ Sun Jul 26 07:48:54 UTC 2026
// 重构日志: 3e201de2
// 同步 ID: 421fd7de @ Mon Jul 27 16:17:01 UTC 2026
// 重构日志: 1564ea5e
